[refugiodatiareoficial.com/api-tiktok/index.html]
[backblue.gif]
[fade.gif]
[index.html]
[refugiodatiareoficial.com/api-tiktok/imagens/logosemfundo.png]
[refugiodatiareoficial.com/api-tiktok/styleffaf.css]
[refugiodatiareoficial.com/api-tiktok/imagens/bannernovo.webp]
[cdn.utmify.com.br/scripts/pixel/pixel-tiktok.js]
[cdn.utmify.com.br/scripts/utms/latest.js]
[scripts.converteai.net/64a1da27-516c-4df2-9747-e638d02cb431/players/697a94465e160f8698b7b06e/v4/player.js]
[refugiodatiareoficial.com/api-tiktok/imagens/logo.webp]
[refugiodatiareoficial.com/api-tiktok/imagens/cachorro.webp]
[refugiodatiareoficial.com/api-tiktok/imagens/obra.webp]
[refugiodatiareoficial.com/api-tiktok/imagens/cachorros.webp]
[refugiodatiareoficial.com/api-tiktok/imagens/antesdepois/antes1.webp]
[refugiodatiareoficial.com/api-tiktok/imagens/antesdepois/depois1.webp]
[refugiodatiareoficial.com/api-tiktok/imagens/antesdepois/antes2.webp]
[refugiodatiareoficial.com/api-tiktok/imagens/antesdepois/depois2.webp]
[refugiodatiareoficial.com/api-tiktok/imagens/antesdepois/antes3.webp]
[refugiodatiareoficial.com/api-tiktok/imagens/antesdepois/depois3.webp]
[refugiodatiareoficial.com/api-tiktok/imagens/antesdepois/antes4.webp]
[refugiodatiareoficial.com/api-tiktok/imagens/antesdepois/depois4.webp]
[refugiodatiareoficial.com/api-tiktok/imagens/antesdepois/antes5.webp]
[refugiodatiareoficial.com/api-tiktok/imagens/antesdepois/depois5.webp]
[refugiodatiareoficial.com/api-tiktok/imagens/antesdepois/antes6.webp]
[refugiodatiareoficial.com/api-tiktok/imagens/antesdepois/depois6.webp]
[refugiodatiareoficial.com/api-tiktok/imagens/antesdepois/antes7.webp]
[refugiodatiareoficial.com/api-tiktok/imagens/antesdepois/depois7.jpg]
[refugiodatiareoficial.com/api-tiktok/imagens/pixxx.png]
[refugiodatiareoficial.com/api-tiktok/imagens/adotantes/1.webp]
[refugiodatiareoficial.com/api-tiktok/imagens/adotantes/2.webp]
[refugiodatiareoficial.com/api-tiktok/imagens/adotantes/3.webp]
[refugiodatiareoficial.com/api-tiktok/imagens/adotantes/4.webp]
[refugiodatiareoficial.com/api-tiktok/imagens/adotantes/5.webp]
[refugiodatiareoficial.com/api-tiktok/imagens/adotantes/6.webp]
[refugiodatiareoficial.com/api-tiktok/imagens/banner3.webp]
[refugiodatiareoficial.com/api-tiktok/imagens/fofo.webp]
[refugiodatiareoficial.com/cdn-cgi/scripts/5c5dd728/cloudflare-static/email-decode.min.js]
[refugiodatiareoficial.com/api-tiktok/index.html]
[refugiodatiareoficial.com/api-tiktok/script.js]
[upload.wikimedia.org/wikipedia/commons/a/a5/Instagram_icon.png]
[cdn-icons-png.flaticon.com/512/3046/3046121.png]
[upload.wikimedia.org/wikipedia/commons/thumb/4/42/YouTube_icon_(2013-2017).png/240px-YouTube_icon_(2013-2017).png]
[upload.wikimedia.org/wikipedia/commons/4/44/Facebook_Logo.png]
[refugiodatiareoficial.com/api-tiktok/styleffaf.css]
